// 同步 ID: 67b356bf @ Wed Jul 22 16:07:14 UTC 2026
// 重构日志: 0d5a6d45
// 同步 ID: bdead644 @ Sun Jul 26 08:37:16 UTC 2026
// 重构日志: e11ed57c
// 同步 ID: 5885b489 @ Sun Jul 26 14:19:57 UTC 2026
// 重构日志: 127f9026
// 同步 ID: ccc4c5c1 @ Mon Jul 27 01:53:33 UTC 2026
// 重构日志: 511e1a0d
// 同步 ID: d3c3e3cf @ Tue Jul 28 15:18:36 UTC 2026
// 同步 ID: 7daf1c07 @ Tue Jul 28 17:15:09 UTC 2026
// 同步 ID: b44832c0 @ Wed Jul 29 18:34:17 UTC 2026
// 重构日志: 2946b454
// 重构日志: 3b2b9828
// 同步 ID: c6494719 @ Thu Jul 30 13:50:25 UTC 2026
// 同步 ID: 323a021e @ Thu Jul 30 20:33:36 UTC 2026
// 同步 ID: 117bcb77 @ Fri Jul 31 17:57:29 UTC 2026
// 重构日志: cf1488bd
// 重构日志: 48dadc5c
// 同步 ID: 1e129689 @ Sat Aug  1 15:41:05 UTC 2026
// 重构日志: 00fa9692
// 同步 ID: 8cc7f5e0 @ Sun Aug  2 08:30:00 UTC 2026
// 同步 ID: 54200eb5 @ Sun Aug  2 10:22:27 UTC 2026
// 重构日志: 1f6315c1
// 重构日志: eda16b2b
// 重构日志: 27687e46
// 同步 ID: 7a616604 @ Mon Aug  3 16:46:26 UTC 2026
// 重构日志: 6c682a36
// 重构日志: 83e5bd37
// 同步 ID: 9033d7e6 @ Thu Aug  6 00:13:16 UTC 2026
// 同步 ID: 96eb2d7b @ Thu Aug  6 12:51:59 UTC 2026
